\BOOKMARK [0][-]{chapter*.1}{\376\377\000D\000\351\000d\000i\000c\000a\000c\000e}{}% 1
\BOOKMARK [0][-]{chapter*.2}{\376\377\000R\000e\000m\000e\000r\000c\000i\000e\000m\000e\000n\000t\000s}{}% 2
\BOOKMARK [0][-]{chapter*.3}{\376\377\000R\000\351\000s\000u\000m\000\351}{}% 3
\BOOKMARK [0][-]{chapter*.4}{\376\377\000G\000l\000o\000s\000s\000a\000i\000r\000e}{}% 4
\BOOKMARK [0][-]{chapter*.8}{\376\377\000I\000n\000t\000r\000o\000d\000u\000c\000t\000i\000o\000n\000\040\000g\000\351\000n\000\351\000r\000a\000l\000e}{}% 5
\BOOKMARK [0][-]{chapter.1}{\376\377\000C\000o\000n\000t\000e\000x\000t\000e\000\040\000G\000\351\000n\000\351\000r\000a\000l\000\040\000d\000u\000\040\000P\000r\000o\000j\000e\000t}{}% 6
\BOOKMARK [1][-]{section.1.1}{\376\377\000I\000n\000t\000r\000o\000d\000u\000c\000t\000i\000o\000n}{chapter.1}% 7
\BOOKMARK [1][-]{section.1.2}{\376\377\000P\000r\000\351\000s\000e\000n\000t\000a\000t\000i\000o\000n\000\040\000d\000u\000\040\000P\000r\000o\000j\000e\000t}{chapter.1}% 8
\BOOKMARK [2][-]{subsection.1.2.1}{\376\377\000O\000r\000g\000a\000n\000i\000s\000m\000e\000\040\000d\000'\000a\000c\000c\000u\000e\000i\000l}{section.1.2}% 9
\BOOKMARK [2][-]{subsection.1.2.2}{\376\377\000P\000r\000o\000b\000l\000\351\000m\000a\000t\000i\000q\000u\000e}{section.1.2}% 10
\BOOKMARK [2][-]{subsection.1.2.3}{\376\377\000O\000b\000j\000e\000c\000t\000i\000f\000s\000\040\000d\000u\000\040\000P\000r\000o\000j\000e\000t}{section.1.2}% 11
\BOOKMARK [1][-]{section.1.3}{\376\377\000M\000\351\000t\000h\000o\000d\000o\000l\000o\000g\000i\000e\000\040\000d\000e\000\040\000C\000o\000n\000d\000u\000i\000t\000e\000\040\000d\000e\000\040\000P\000r\000o\000j\000e\000t}{chapter.1}% 12
\BOOKMARK [1][-]{section.1.4}{\376\377\000C\000o\000n\000c\000l\000u\000s\000i\000o\000n}{chapter.1}% 13
\BOOKMARK [0][-]{chapter.2}{\376\377\000A\000n\000a\000l\000y\000s\000e\000\040\000e\000t\000\040\000C\000o\000n\000c\000e\000p\000t\000i\000o\000n}{}% 14
\BOOKMARK [1][-]{section.2.1}{\376\377\000I\000n\000t\000r\000o\000d\000u\000c\000t\000i\000o\000n}{chapter.2}% 15
\BOOKMARK [1][-]{section.2.2}{\376\377\000I\000d\000e\000n\000t\000i\000f\000i\000c\000a\000t\000i\000o\000n\000\040\000d\000e\000s\000\040\000A\000c\000t\000e\000u\000r\000s}{chapter.2}% 16
\BOOKMARK [1][-]{section.2.3}{\376\377\000S\000p\000\351\000c\000i\000f\000i\000c\000a\000t\000i\000o\000n\000\040\000d\000e\000s\000\040\000B\000e\000s\000o\000i\000n\000s}{chapter.2}% 17
\BOOKMARK [2][-]{subsection.2.3.1}{\376\377\000B\000e\000s\000o\000i\000n\000s\000\040\000F\000o\000n\000c\000t\000i\000o\000n\000n\000e\000l\000s}{section.2.3}% 18
\BOOKMARK [2][-]{subsection.2.3.2}{\376\377\000B\000e\000s\000o\000i\000n\000s\000\040\000N\000o\000n\000\040\000F\000o\000n\000c\000t\000i\000o\000n\000n\000e\000l\000s}{section.2.3}% 19
\BOOKMARK [1][-]{section.2.4}{\376\377\000C\000o\000n\000c\000e\000p\000t\000i\000o\000n\000\040\000d\000u\000\040\000P\000r\000o\000j\000e\000t}{chapter.2}% 20
\BOOKMARK [2][-]{subsection.2.4.1}{\376\377\000D\000i\000a\000g\000r\000a\000m\000m\000e\000\040\000d\000e\000\040\000C\000a\000s\000\040\000d\000'\000U\000t\000i\000l\000i\000s\000a\000t\000i\000o\000n}{section.2.4}% 21
\BOOKMARK [2][-]{subsection.2.4.2}{\376\377\000D\000i\000a\000g\000r\000a\000m\000m\000e\000s\000\040\000d\000e\000\040\000S\000\351\000q\000u\000e\000n\000c\000e}{section.2.4}% 22
\BOOKMARK [2][-]{subsection.2.4.3}{\376\377\000M\000o\000d\000\351\000l\000i\000s\000a\000t\000i\000o\000n\000\040\000d\000e\000s\000\040\000D\000o\000n\000n\000\351\000e\000s\000\040\000O\000n\000-\000C\000h\000a\000i\000n\000\040\000\050\000S\000m\000a\000r\000t\000\040\000C\000o\000n\000t\000r\000a\000c\000t\000\040\000i\000n\000k\000!\000\051}{section.2.4}% 23
\BOOKMARK [2][-]{subsection.2.4.4}{\376\377\000M\000a\000c\000h\000i\000n\000e\000\040\000\340\000\040\000\311\000t\000a\000t\000s}{section.2.4}% 24
\BOOKMARK [1][-]{section.2.5}{\376\377\000C\000o\000n\000c\000l\000u\000s\000i\000o\000n}{chapter.2}% 25
\BOOKMARK [0][-]{chapter.3}{\376\377\000T\000e\000c\000h\000n\000o\000l\000o\000g\000i\000e\000s\000\040\000e\000t\000\040\000O\000u\000t\000i\000l\000s\000\040\000U\000t\000i\000l\000i\000s\000\351\000s}{}% 26
\BOOKMARK [1][-]{section.3.1}{\376\377\000I\000n\000t\000r\000o\000d\000u\000c\000t\000i\000o\000n}{chapter.3}% 27
\BOOKMARK [1][-]{section.3.2}{\376\377\000T\000e\000c\000h\000n\000o\000l\000o\000g\000i\000e\000s}{chapter.3}% 28
\BOOKMARK [2][-]{subsection.3.2.1}{\376\377\000T\000e\000c\000h\000n\000o\000l\000o\000g\000i\000e\000s\000\040\000u\000t\000i\000l\000i\000s\000\351\000e\000s\000\040\000p\000o\000u\000r\000\040\000l\000a\000\040\000c\000o\000u\000c\000h\000e\000\040\000B\000l\000o\000c\000k\000c\000h\000a\000i\000n\000\040\000\050\000B\000a\000c\000k\000-\000e\000n\000d\000\040\000d\000\351\000c\000e\000n\000t\000r\000a\000l\000i\000s\000\351\000\051}{section.3.2}% 29
\BOOKMARK [2][-]{subsection.3.2.2}{\376\377\000T\000e\000c\000h\000n\000o\000l\000o\000g\000i\000e\000s\000\040\000u\000t\000i\000l\000i\000s\000\351\000e\000s\000\040\000p\000o\000u\000r\000\040\000l\000e\000\040\000s\000t\000o\000c\000k\000a\000g\000e\000\040\000d\000\351\000c\000e\000n\000t\000r\000a\000l\000i\000s\000\351}{section.3.2}% 30
\BOOKMARK [2][-]{subsection.3.2.3}{\376\377\000T\000e\000c\000h\000n\000o\000l\000o\000g\000i\000e\000s\000\040\000u\000t\000i\000l\000i\000s\000\351\000e\000s\000\040\000p\000o\000u\000r\000\040\000l\000e\000\040\000d\000\351\000v\000e\000l\000o\000p\000p\000e\000m\000e\000n\000t\000\040\000F\000r\000o\000n\000t\000e\000n\000d}{section.3.2}% 31
\BOOKMARK [2][-]{subsection.3.2.4}{\376\377\000T\000e\000c\000h\000n\000o\000l\000o\000g\000i\000e\000s\000\040\000u\000t\000i\000l\000i\000s\000\351\000e\000s\000\040\000p\000o\000u\000r\000\040\000l\000a\000\040\000c\000o\000u\000c\000h\000e\000\040\000c\000r\000y\000p\000t\000o\000g\000r\000a\000p\000h\000i\000q\000u\000e}{section.3.2}% 32
\BOOKMARK [1][-]{section.3.3}{\376\377\000O\000u\000t\000i\000l\000s\000\040\000d\000e\000\040\000D\000\351\000v\000e\000l\000o\000p\000p\000e\000m\000e\000n\000t}{chapter.3}% 33
\BOOKMARK [1][-]{section.3.4}{\376\377\000C\000o\000n\000c\000l\000u\000s\000i\000o\000n}{chapter.3}% 34
\BOOKMARK [0][-]{chapter.4}{\376\377\000R\000\351\000a\000l\000i\000s\000a\000t\000i\000o\000n\000\040\000e\000t\000\040\000F\000o\000n\000c\000t\000i\000o\000n\000n\000e\000m\000e\000n\000t\000\040\000D\000\351\000t\000a\000i\000l\000l\000\351}{}% 35
\BOOKMARK [1][-]{section.4.1}{\376\377\000I\000n\000t\000r\000o\000d\000u\000c\000t\000i\000o\000n}{chapter.4}% 36
\BOOKMARK [1][-]{section.4.2}{\376\377\000A\000r\000c\000h\000i\000t\000e\000c\000t\000u\000r\000e\000\040\000T\000e\000c\000h\000n\000i\000q\000u\000e\000\040\000G\000l\000o\000b\000a\000l\000e}{chapter.4}% 37
\BOOKMARK [1][-]{section.4.3}{\376\377\000M\000\351\000c\000a\000n\000i\000q\000u\000e\000\040\000d\000e\000\040\000C\000h\000i\000f\000f\000r\000e\000m\000e\000n\000t\000\040\000H\000y\000b\000r\000i\000d\000e\000\040\000\050\000Z\000e\000r\000o\000-\000K\000n\000o\000w\000l\000e\000d\000g\000e\000\051}{chapter.4}% 38
\BOOKMARK [1][-]{section.4.4}{\376\377\000D\000o\000n\000n\000\351\000e\000s\000\040\000O\000n\000-\000C\000h\000a\000i\000n\000\040\000v\000s\000\040\000O\000f\000f\000-\000C\000h\000a\000i\000n}{chapter.4}% 39
\BOOKMARK [1][-]{section.4.5}{\376\377\000P\000i\000p\000e\000l\000i\000n\000e\000\040\000d\000'\000A\000u\000t\000h\000e\000n\000t\000i\000f\000i\000c\000a\000t\000i\000o\000n\000\040\000\253\000\040\000W\000a\000l\000l\000e\000t\000-\000F\000i\000r\000s\000t\000\040\000\273}{chapter.4}% 40
\BOOKMARK [1][-]{section.4.6}{\376\377\000P\000r\000\351\000s\000e\000n\000t\000a\000t\000i\000o\000n\000\040\000d\000e\000s\000\040\000D\000a\000s\000h\000b\000o\000a\000r\000d\000s}{chapter.4}% 41
\BOOKMARK [2][-]{subsection.4.6.1}{\376\377\000A\000c\000c\000\350\000s\000\040\000\340\000\040\000l\000'\000a\000p\000p\000l\000i\000c\000a\000t\000i\000o\000n}{section.4.6}% 42
\BOOKMARK [2][-]{subsection.4.6.2}{\376\377\000D\000a\000s\000h\000b\000o\000a\000r\000d\000\040\000M\000\351\000d\000e\000c\000i\000n}{section.4.6}% 43
\BOOKMARK [2][-]{subsection.4.6.3}{\376\377\000D\000a\000s\000h\000b\000o\000a\000r\000d\000\040\000P\000h\000a\000r\000m\000a\000c\000i\000e}{section.4.6}% 44
\BOOKMARK [2][-]{subsection.4.6.4}{\376\377\000D\000a\000s\000h\000b\000o\000a\000r\000d\000\040\000P\000a\000t\000i\000e\000n\000t}{section.4.6}% 45
\BOOKMARK [2][-]{subsection.4.6.5}{\376\377\000D\000a\000s\000h\000b\000o\000a\000r\000d\000\040\000A\000s\000s\000u\000r\000a\000n\000c\000e\000\040\000\050\000I\000n\000s\000u\000r\000e\000\137\000N\000o\000d\000e\000\051}{section.4.6}% 46
\BOOKMARK [2][-]{subsection.4.6.6}{\376\377\000D\000a\000s\000h\000b\000o\000a\000r\000d\000\040\000L\000a\000b\000o\000r\000a\000t\000o\000i\000r\000e}{section.4.6}% 47
\BOOKMARK [2][-]{subsection.4.6.7}{\376\377\000D\000a\000s\000h\000b\000o\000a\000r\000d\000\040\000H\000\364\000p\000i\000t\000a\000l}{section.4.6}% 48
\BOOKMARK [2][-]{subsection.4.6.8}{\376\377\000D\000a\000s\000h\000b\000o\000a\000r\000d\000\040\000A\000d\000m\000i\000n\000i\000s\000t\000r\000a\000t\000e\000u\000r}{section.4.6}% 49
\BOOKMARK [1][-]{section.4.7}{\376\377\000D\000\351\000f\000i\000s\000\040\000T\000e\000c\000h\000n\000i\000q\000u\000e\000s\000\040\000R\000e\000n\000c\000o\000n\000t\000r\000\351\000s\000\040\000e\000t\000\040\000S\000o\000l\000u\000t\000i\000o\000n\000s}{chapter.4}% 50
\BOOKMARK [1][-]{section.4.8}{\376\377\000C\000o\000n\000c\000l\000u\000s\000i\000o\000n}{chapter.4}% 51
\BOOKMARK [0][-]{chapter*.32}{\376\377\000C\000o\000n\000c\000l\000u\000s\000i\000o\000n\000\040\000G\000\351\000n\000\351\000r\000a\000l\000e\000\040\000e\000t\000\040\000P\000e\000r\000s\000p\000e\000c\000t\000i\000v\000e\000s}{}% 52
\BOOKMARK [0][-]{chapter*.33}{\376\377\000R\000\351\000f\000\351\000r\000e\000n\000c\000e\000s}{}% 53
